cargo : error: could not find `Cargo.toml` in `C:\Users\bmaru\source\repos\etamil_compiler` or any 
parent directory
At line:1 char:1
+ cargo build --release 2>&1 | Tee-Object -FilePath build_output.txt; W ...
+ ~~~~~~~~~~~~~~~~~~~~~~~~~~
    + CategoryInfo          : NotSpecified: (error: could no...arent directory:String) [], RemoteEx 
   ception
    + FullyQualifiedErrorId : NativeCommandError
 
